[БЕЗ ФОТО] opt-drop.com offer=2222_13764 — пропускаємо
[БЕЗ ФОТО] opt-drop.com offer=2222_14977 — пропускаємо
[БЕЗ ФОТО] opt-drop.com offer=2222_15006 — пропускаємо
[БЕЗ ФОТО] opt-drop.com offer=2222_15129 — пропускаємо
[БЕЗ ФОТО] opt-drop.com offer=2222_15452 — пропускаємо
[БЕЗ ФОТО] opt-drop.com offer=2222_15752 — пропускаємо
[ПІДОЗРІЛА ЦІНА] opt-drop.com offer=2222_20334 price=5.05 UAH < 10.0 грн — пропускаємо
[БЕЗ ФОТО] opt-drop.com offer=2222_102170 — пропускаємо
[БЕЗ ФОТО] opt-drop.com offer=2222_102171 — пропускаємо
[ПІДОЗРІЛА ЦІНА] opt-drop.com offer=2222_102280 price=7.07 UAH < 10.0 грн — пропускаємо
[БЕЗ ФОТО] opt-drop.com offer=2222_102985 — пропускаємо
[БЕЗ ФОТО] opt-drop.com offer=2222_103189 — пропускаємо
[БЕЗ ФОТО] opt-drop.com offer=2222_103907 — пропускаємо
[БЕЗ ФОТО] opt-drop.com offer=2222_104221 — пропускаємо
[БЕЗ ФОТО] opt-drop.com offer=2222_104327 — пропускаємо
[БЕЗ ФОТО] opt-drop.com offer=2222_104946 — пропускаємо
[БЕЗ ФОТО] opt-drop.com offer=2222_106065 — пропускаємо
[БЕЗ ФОТО] opt-drop.com offer=2222_106360 — пропускаємо
[БЕЗ ФОТО] opt-drop.com offer=2222_106405 — пропускаємо
[БЕЗ ФОТО] opt-drop.com offer=2222_108268 — пропускаємо
[БЕЗ ФОТО] opt-drop.com offer=2222_108269 — пропускаємо
[БЕЗ ФОТО] opt-drop.com offer=2222_108443 — пропускаємо
[БЕЗ ФОТО] opt-drop.com offer=2222_108444 — пропускаємо
[БЕЗ ФОТО] opt-drop.com offer=2222_109157 — пропускаємо
[БЕЗ ФОТО] kievopt.com.ua offer=297825-05 — пропускаємо
[БЕЗ ФОТО] kievopt.com.ua offer=288375-05 — пропускаємо
[БЕЗ ФОТО] kievopt.com.ua offer=297824-05 — пропускаємо
[БЕЗ ФОТО] kievopt.com.ua offer=739113-05 — пропускаємо
[БЕЗ ФОТО] kievopt.com.ua offer=377501-05 — пропускаємо
[БЕЗ ФОТО] kievopt.com.ua offer=866716-05 — пропускаємо
[БЕЗ ФОТО] kievopt.com.ua offer=738359-05 — пропускаємо
[БЕЗ ФОТО] kievopt.com.ua offer=866724-05 — пропускаємо
[БЕЗ ФОТО] kievopt.com.ua offer=738333-05 — пропускаємо
[БЕЗ ФОТО] kievopt.com.ua offer=867003-05 — пропускаємо
[БЕЗ ФОТО] kievopt.com.ua offer=295336-04 — пропускаємо
[БЕЗ ФОТО] kievopt.com.ua offer=397320-04 — пропускаємо
[БЕЗ ФОТО] kievopt.com.ua offer=1016176-10 — пропускаємо
[БЕЗ ФОТО] kievopt.com.ua offer=1080623-12 — пропускаємо
[БЕЗ ФОТО] kievopt.com.ua offer=1080619-12 — пропускаємо
[БЕЗ ФОТО] kievopt.com.ua offer=1080630-12 — пропускаємо
[БЕЗ ФОТО] kievopt.com.ua offer=1020864-13 — пропускаємо
[БЕЗ ФОТО] kievopt.com.ua offer=1020669-13 — пропускаємо
[БЕЗ ФОТО] kievopt.com.ua offer=1020676-13 — пропускаємо
[БЕЗ ФОТО] kievopt.com.ua offer=1021090-13 — пропускаємо
[БЕЗ ФОТО] kievopt.com.ua offer=1021302-13 — пропускаємо
[БЕЗ ФОТО] kievopt.com.ua offer=1021304-13 — пропускаємо
[БЕЗ ФОТО] kievopt.com.ua offer=1020067-13 — пропускаємо
[БЕЗ ФОТО] kievopt.com.ua offer=1020358-13 — пропускаємо
[БЕЗ ФОТО] kievopt.com.ua offer=1020360-13 — пропускаємо
[БЕЗ ФОТО] kievopt.com.ua offer=1020361-13 — пропускаємо
[БЕЗ ФОТО] kievopt.com.ua offer=1021298-13 — пропускаємо
[БЕЗ ФОТО] kievopt.com.ua offer=1020172-13 — пропускаємо
[БЕЗ ФОТО] kievopt.com.ua offer=1020697-13 — пропускаємо
[БЕЗ ФОТО] kievopt.com.ua offer=1020904-13 — пропускаємо
[БЕЗ ФОТО] kievopt.com.ua offer=1020170-13 — пропускаємо
[БЕЗ ФОТО] kievopt.com.ua offer=1020171-13 — пропускаємо
[БЕЗ ФОТО] kievopt.com.ua offer=1020356-13 — пропускаємо
[БЕЗ ФОТО] kievopt.com.ua offer=1020921-13 — пропускаємо
[БЕЗ ФОТО] kievopt.com.ua offer=1020327-13 — пропускаємо
[БЕЗ ФОТО] kievopt.com.ua offer=1020137-13 — пропускаємо
[БЕЗ ФОТО] kievopt.com.ua offer=1020346-13 — пропускаємо
[БЕЗ ФОТО] kievopt.com.ua offer=1020797-13 — пропускаємо
[БЕЗ ФОТО] kievopt.com.ua offer=1020302-13 — пропускаємо
[БЕЗ ФОТО] kievopt.com.ua offer=1020935-13 — пропускаємо
[БЕЗ ФОТО] kievopt.com.ua offer=1021321-13 — пропускаємо
[БЕЗ ФОТО] kievopt.com.ua offer=1020373-13 — пропускаємо
[БЕЗ ФОТО] kievopt.com.ua offer=1020374-13 — пропускаємо
[БЕЗ ФОТО] kievopt.com.ua offer=1120795-17 — пропускаємо
[БЕЗ ФОТО] kievopt.com.ua offer=1120789-17 — пропускаємо
[БЕЗ ФОТО] kievopt.com.ua offer=1120790-17 — пропускаємо
[БЕЗ ФОТО] kievopt.com.ua offer=1120780-17 — пропускаємо
[БЕЗ ФОТО] kievopt.com.ua offer=1120797-17 — пропускаємо
[БЕЗ ФОТО] kievopt.com.ua offer=1120794-17 — пропускаємо
[БЕЗ ФОТО] kievopt.com.ua offer=1120793-17 — пропускаємо
[БЕЗ ФОТО] kievopt.com.ua offer=1120788-17 — пропускаємо
[БЕЗ ФОТО] kievopt.com.ua offer=1120786-17 — пропускаємо
[БЕЗ ФОТО] kievopt.com.ua offer=1120787-17 — пропускаємо
[БЕЗ ФОТО] kievopt.com.ua offer=440589-01 — пропускаємо
[БЕЗ ФОТО] kievopt.com.ua offer=1129354-01 — пропускаємо
[БЕЗ ФОТО] kievopt.com.ua offer=1129353-01 — пропускаємо
[БЕЗ ФОТО] kievopt.com.ua offer=1127035-01 — пропускаємо
[БЕЗ ФОТО] kievopt.com.ua offer=1129352-01 — пропускаємо
[БЕЗ ФОТО] kievopt.com.ua offer=1086553-01 — пропускаємо
[БЕЗ ФОТО] kievopt.com.ua offer=1086552-01 — пропускаємо
[БЕЗ ФОТО] kievopt.com.ua offer=1086560-01 — пропускаємо
[БЕЗ ФОТО] kievopt.com.ua offer=809251-01 — пропускаємо
[БЕЗ ФОТО] kievopt.com.ua offer=810439-01 — пропускаємо
[БЕЗ ФОТО] kievopt.com.ua offer=809248-01 — пропускаємо
[ПІДОЗРІЛА ЦІНА] i-posud.com.ua offer=8888_PL-17 price=8.53 UAH < 10.0 грн — пропускаємо
[ПІДОЗРІЛА ЦІНА] i-posud.com.ua offer=8888_PL-18 price=7.39 UAH < 10.0 грн — пропускаємо
[ПІДОЗРІЛА ЦІНА] i-posud.com.ua offer=8888_PL-19 price=6.83 UAH < 10.0 грн — пропускаємо
[ПІДОЗРІЛА ЦІНА] i-posud.com.ua offer=8888_PL-20 price=6.83 UAH < 10.0 грн — пропускаємо
[ПІДОЗРІЛА ЦІНА] i-posud.com.ua offer=8888_PL-21 price=6.83 UAH < 10.0 грн — пропускаємо
[ПІДОЗРІЛА ЦІНА] i-posud.com.ua offer=8888_PL-22 price=6.26 UAH < 10.0 грн — пропускаємо
[ПІДОЗРІЛА ЦІНА] i-posud.com.ua offer=8888_PL-23 price=6.26 UAH < 10.0 грн — пропускаємо
[ПІДОЗРІЛА ЦІНА] i-posud.com.ua offer=8888_8941 price=0.8 UAH < 10.0 грн — пропускаємо
[ПІДОЗРІЛА ЦІНА] i-posud.com.ua offer=8888_8930 price=0.8 UAH < 10.0 грн — пропускаємо
[ПІДОЗРІЛА ЦІНА] i-posud.com.ua offer=8888_8944 price=0.8 UAH < 10.0 грн — пропускаємо
[ПІДОЗРІЛА ЦІНА] i-posud.com.ua offer=8888_8949 price=0.8 UAH < 10.0 грн — пропускаємо
[ПІДОЗРІЛА ЦІНА] i-posud.com.ua offer=8888_8940 price=0.8 UAH < 10.0 грн — пропускаємо
[ПІДОЗРІЛА ЦІНА] i-posud.com.ua offer=8888_FRU-207 price=7.05 UAH < 10.0 грн — пропускаємо
[ПІДОЗРІЛА ЦІНА] i-posud.com.ua offer=8888_EV8203 price=4.78 UAH < 10.0 грн — пропускаємо
[ПІДОЗРІЛА ЦІНА] i-posud.com.ua offer=8888_MS-001 price=1.5 UAH < 10.0 грн — пропускаємо
[ПІДОЗРІЛА ЦІНА] i-posud.com.ua offer=8888_KS-001 price=1.5 UAH < 10.0 грн — пропускаємо
[БЕЗ ФОТО] crm.yavshoke.ua offer=2000_5271402 — пропускаємо
[БЕЗ ФОТО] crm.yavshoke.ua offer=2000_5281206 — пропускаємо
[БЕЗ ФОТО] crm.yavshoke.ua offer=2000_5281175 — пропускаємо
[БЕЗ ФОТО] crm.yavshoke.ua offer=2000_5281207 — пропускаємо
[БЕЗ ФОТО] crm.yavshoke.ua offer=2000_5281205 — пропускаємо
[БЕЗ ФОТО] crm.yavshoke.ua offer=2000_5281189 — пропускаємо
[БЕЗ ФОТО] crm.yavshoke.ua offer=2000_5281220 — пропускаємо
[БЕЗ ФОТО] crm.yavshoke.ua offer=2000_5281219 — пропускаємо
[БЕЗ ФОТО] crm.yavshoke.ua offer=2000_5281211 — пропускаємо
[БЕЗ ФОТО] crm.yavshoke.ua offer=2000_5281253 — пропускаємо
[БЕЗ ФОТО] crm.yavshoke.ua offer=2000_5281221 — пропускаємо
[БЕЗ ФОТО] crm.yavshoke.ua offer=2000_5281222 — пропускаємо
[БЕЗ ФОТО] crm.yavshoke.ua offer=2000_5281224 — пропускаємо
[БЕЗ ФОТО] crm.yavshoke.ua offer=2000_5281223 — пропускаємо
[БЕЗ ФОТО] crm.yavshoke.ua offer=2000_5281176 — пропускаємо
[БЕЗ ФОТО] crm.yavshoke.ua offer=2000_5281213 — пропускаємо
[БЕЗ ФОТО] crm.yavshoke.ua offer=2000_5281227 — пропускаємо
[БЕЗ ФОТО] crm.yavshoke.ua offer=2000_5281225 — пропускаємо
[БЕЗ ФОТО] crm.yavshoke.ua offer=2000_5281228 — пропускаємо
[БЕЗ ФОТО] crm.yavshoke.ua offer=2000_5281190 — пропускаємо
[БЕЗ ФОТО] crm.yavshoke.ua offer=2000_5281226 — пропускаємо
[БЕЗ ФОТО] crm.yavshoke.ua offer=2000_5281212 — пропускаємо
[БЕЗ ФОТО] crm.yavshoke.ua offer=2000_5281183 — пропускаємо
[БЕЗ ФОТО] crm.yavshoke.ua offer=2000_5281186 — пропускаємо
[БЕЗ ФОТО] crm.yavshoke.ua offer=2000_5281191 — пропускаємо
[БЕЗ ФОТО] crm.yavshoke.ua offer=2000_5281230 — пропускаємо
[БЕЗ ФОТО] crm.yavshoke.ua offer=2000_5281192 — пропускаємо
[БЕЗ ФОТО] crm.yavshoke.ua offer=2000_5281193 — пропускаємо
[БЕЗ ФОТО] crm.yavshoke.ua offer=2000_5281254 — пропускаємо
[БЕЗ ФОТО] crm.yavshoke.ua offer=2000_5281231 — пропускаємо
[БЕЗ ФОТО] crm.yavshoke.ua offer=2000_5281214 — пропускаємо
[БЕЗ ФОТО] crm.yavshoke.ua offer=2000_5281209 — пропускаємо
[БЕЗ ФОТО] crm.yavshoke.ua offer=2000_5281180 — пропускаємо
[БЕЗ ФОТО] crm.yavshoke.ua offer=2000_5281255 — пропускаємо
[БЕЗ ФОТО] crm.yavshoke.ua offer=2000_5281232 — пропускаємо
[БЕЗ ФОТО] crm.yavshoke.ua offer=2000_5281210 — пропускаємо
[БЕЗ ФОТО] crm.yavshoke.ua offer=2000_5281233 — пропускаємо
[БЕЗ ФОТО] crm.yavshoke.ua offer=2000_5281184 — пропускаємо
[БЕЗ ФОТО] crm.yavshoke.ua offer=2000_5281187 — пропускаємо
[БЕЗ ФОТО] crm.yavshoke.ua offer=2000_5281177 — пропускаємо
[БЕЗ ФОТО] crm.yavshoke.ua offer=2000_5281194 — пропускаємо
[БЕЗ ФОТО] crm.yavshoke.ua offer=2000_5281259 — пропускаємо
[БЕЗ ФОТО] crm.yavshoke.ua offer=2000_5281195 — пропускаємо
[БЕЗ ФОТО] crm.yavshoke.ua offer=2000_5281235 — пропускаємо
[БЕЗ ФОТО] crm.yavshoke.ua offer=2000_5281196 — пропускаємо
[БЕЗ ФОТО] crm.yavshoke.ua offer=2000_5281178 — пропускаємо
[БЕЗ ФОТО] crm.yavshoke.ua offer=2000_5281197 — пропускаємо
[БЕЗ ФОТО] crm.yavshoke.ua offer=2000_5281198 — пропускаємо
[БЕЗ ФОТО] crm.yavshoke.ua offer=2000_5281237 — пропускаємо
[БЕЗ ФОТО] crm.yavshoke.ua offer=2000_5281199 — пропускаємо
[БЕЗ ФОТО] crm.yavshoke.ua offer=2000_5281238 — пропускаємо
[БЕЗ ФОТО] crm.yavshoke.ua offer=2000_5281200 — пропускаємо
[БЕЗ ФОТО] crm.yavshoke.ua offer=2000_5281185 — пропускаємо
[БЕЗ ФОТО] crm.yavshoke.ua offer=2000_5281188 — пропускаємо
[БЕЗ ФОТО] crm.yavshoke.ua offer=2000_5281257 — пропускаємо
[БЕЗ ФОТО] crm.yavshoke.ua offer=2000_5281252 — пропускаємо
[БЕЗ ФОТО] crm.yavshoke.ua offer=2000_5281256 — пропускаємо
[БЕЗ ФОТО] crm.yavshoke.ua offer=2000_5281215 — пропускаємо
[БЕЗ ФОТО] crm.yavshoke.ua offer=2000_5281241 — пропускаємо
[БЕЗ ФОТО] crm.yavshoke.ua offer=2000_5281251 — пропускаємо
[БЕЗ ФОТО] crm.yavshoke.ua offer=2000_5281239 — пропускаємо
[БЕЗ ФОТО] crm.yavshoke.ua offer=2000_5281240 — пропускаємо
[БЕЗ ФОТО] crm.yavshoke.ua offer=2000_5281201 — пропускаємо
[БЕЗ ФОТО] crm.yavshoke.ua offer=2000_5281242 — пропускаємо
[БЕЗ ФОТО] crm.yavshoke.ua offer=2000_5281258 — пропускаємо
[БЕЗ ФОТО] crm.yavshoke.ua offer=2000_5281243 — пропускаємо
[БЕЗ ФОТО] crm.yavshoke.ua offer=2000_5281216 — пропускаємо
[БЕЗ ФОТО] crm.yavshoke.ua offer=2000_5281244 — пропускаємо
[БЕЗ ФОТО] crm.yavshoke.ua offer=2000_5281182 — пропускаємо
[БЕЗ ФОТО] crm.yavshoke.ua offer=2000_5281202 — пропускаємо
[БЕЗ ФОТО] crm.yavshoke.ua offer=2000_5281246 — пропускаємо
[БЕЗ ФОТО] crm.yavshoke.ua offer=2000_5281217 — пропускаємо
[БЕЗ ФОТО] crm.yavshoke.ua offer=2000_5281203 — пропускаємо
[БЕЗ ФОТО] crm.yavshoke.ua offer=2000_5281247 — пропускаємо
[БЕЗ ФОТО] crm.yavshoke.ua offer=2000_5281218 — пропускаємо
[БЕЗ ФОТО] crm.yavshoke.ua offer=2000_5281250 — пропускаємо
[БЕЗ ФОТО] crm.yavshoke.ua offer=2000_5281204 — пропускаємо
[БЕЗ ФОТО] crm.yavshoke.ua offer=2000_5281249 — пропускаємо
[БЕЗ ФОТО] crm.yavshoke.ua offer=2000_5281248 — пропускаємо
[БЕЗ ФОТО] crm.yavshoke.ua offer=2000_5281208 — пропускаємо
[БЕЗ ФОТО] crm.yavshoke.ua offer=2000_5281274 — пропускаємо
[БЕЗ ФОТО] crm.yavshoke.ua offer=2000_5281275 — пропускаємо
[БЕЗ ФОТО] crm.yavshoke.ua offer=2000_5281272 — пропускаємо
[БЕЗ ФОТО] crm.yavshoke.ua offer=2000_5281261 — пропускаємо
[БЕЗ ФОТО] crm.yavshoke.ua offer=2000_5281276 — пропускаємо
[БЕЗ ФОТО] crm.yavshoke.ua offer=2000_5281263 — пропускаємо
[БЕЗ ФОТО] crm.yavshoke.ua offer=2000_5281262 — пропускаємо
[БЕЗ ФОТО] crm.yavshoke.ua offer=2000_5281265 — пропускаємо
[БЕЗ ФОТО] crm.yavshoke.ua offer=2000_5281264 — пропускаємо
[БЕЗ ФОТО] crm.yavshoke.ua offer=2000_5281266 — пропускаємо
[БЕЗ ФОТО] crm.yavshoke.ua offer=2000_5281279 — пропускаємо
[БЕЗ ФОТО] crm.yavshoke.ua offer=2000_5281278 — пропускаємо
[БЕЗ ФОТО] crm.yavshoke.ua offer=2000_5281273 — пропускаємо
[БЕЗ ФОТО] crm.yavshoke.ua offer=2000_5281267 — пропускаємо
[БЕЗ ФОТО] crm.yavshoke.ua offer=2000_5281280 — пропускаємо
[БЕЗ ФОТО] crm.yavshoke.ua offer=2000_5281281 — пропускаємо
[БЕЗ ФОТО] crm.yavshoke.ua offer=2000_5281282 — пропускаємо
[БЕЗ ФОТО] crm.yavshoke.ua offer=2000_5281284 — пропускаємо
[БЕЗ ФОТО] crm.yavshoke.ua offer=2000_5281283 — пропускаємо
[БЕЗ ФОТО] crm.yavshoke.ua offer=2000_5281287 — пропускаємо
[БЕЗ ФОТО] crm.yavshoke.ua offer=2000_5281286 — пропускаємо
[БЕЗ ФОТО] crm.yavshoke.ua offer=2000_5281285 — пропускаємо
[БЕЗ ФОТО] crm.yavshoke.ua offer=2000_5281288 — пропускаємо
[БЕЗ ФОТО] crm.yavshoke.ua offer=2000_5281290 — пропускаємо
[БЕЗ ФОТО] crm.yavshoke.ua offer=2000_5281289 — пропускаємо
[БЕЗ ФОТО] crm.yavshoke.ua offer=2000_5281268 — пропускаємо
[БЕЗ ФОТО] crm.yavshoke.ua offer=2000_5281270 — пропускаємо
[БЕЗ ФОТО] crm.yavshoke.ua offer=2000_5281269 — пропускаємо
[БЕЗ ФОТО] crm.yavshoke.ua offer=2000_5281277 — пропускаємо
[БЕЗ ФОТО] crm.yavshoke.ua offer=2000_5281291 — пропускаємо
[БЕЗ ФОТО] crm.yavshoke.ua offer=2000_5281292 — пропускаємо
[БЕЗ ФОТО] crm.yavshoke.ua offer=2000_5281271 — пропускаємо
[БЕЗ ФОТО] crm.yavshoke.ua offer=2000_5281179 — пропускаємо
[БЕЗ ФОТО] crm.yavshoke.ua offer=2000_5281181 — пропускаємо
[БЕЗ ФОТО] crm.yavshoke.ua offer=2000_5281260 — пропускаємо
[БЕЗ ФОТО] crm.yavshoke.ua offer=2000_5281300 — пропускаємо
[БЕЗ ФОТО] crm.yavshoke.ua offer=2000_5281304 — пропускаємо
[БЕЗ ФОТО] crm.yavshoke.ua offer=2000_5281301 — пропускаємо
[БЕЗ ФОТО] crm.yavshoke.ua offer=2000_5281302 — пропускаємо
[БЕЗ ФОТО] crm.yavshoke.ua offer=2000_5281303 — пропускаємо
[БЕЗ ФОТО] crm.yavshoke.ua offer=2000_5281298 — пропускаємо
[БЕЗ ФОТО] crm.yavshoke.ua offer=2000_5281299 — пропускаємо
[БЕЗ ФОТО] crm.yavshoke.ua offer=2000_5281305 — пропускаємо
[БЕЗ ФОТО] crm.yavshoke.ua offer=2000_5281306 — пропускаємо
[БЕЗ ФОТО] crm.yavshoke.ua offer=2000_5281307 — пропускаємо
[БЕЗ ФОТО] crm.yavshoke.ua offer=2000_5281293 — пропускаємо
[БЕЗ ФОТО] crm.yavshoke.ua offer=2000_5281296 — пропускаємо
[БЕЗ ФОТО] crm.yavshoke.ua offer=2000_5281297 — пропускаємо
[БЕЗ ФОТО] crm.yavshoke.ua offer=2000_5281294 — пропускаємо
[БЕЗ ФОТО] crm.yavshoke.ua offer=2000_5281295 — пропускаємо
[БЕЗ ФОТО] crm.yavshoke.ua offer=2000_5281327 — пропускаємо
[БЕЗ ФОТО] crm.yavshoke.ua offer=2000_5281328 — пропускаємо
[БЕЗ ФОТО] crm.yavshoke.ua offer=2000_5281312 — пропускаємо
[БЕЗ ФОТО] crm.yavshoke.ua offer=2000_5281321 — пропускаємо
[БЕЗ ФОТО] crm.yavshoke.ua offer=2000_5281311 — пропускаємо
[БЕЗ ФОТО] crm.yavshoke.ua offer=2000_5281322 — пропускаємо
[БЕЗ ФОТО] crm.yavshoke.ua offer=2000_5281308 — пропускаємо
[БЕЗ ФОТО] crm.yavshoke.ua offer=2000_5281314 — пропускаємо
[БЕЗ ФОТО] crm.yavshoke.ua offer=2000_5281315 — пропускаємо
[БЕЗ ФОТО] crm.yavshoke.ua offer=2000_5281324 — пропускаємо
[БЕЗ ФОТО] crm.yavshoke.ua offer=2000_5281317 — пропускаємо
[БЕЗ ФОТО] crm.yavshoke.ua offer=2000_5281326 — пропускаємо
[БЕЗ ФОТО] crm.yavshoke.ua offer=2000_5281316 — пропускаємо
[БЕЗ ФОТО] crm.yavshoke.ua offer=2000_5281325 — пропускаємо
[БЕЗ ФОТО] crm.yavshoke.ua offer=2000_5281313 — пропускаємо
[БЕЗ ФОТО] crm.yavshoke.ua offer=2000_5281323 — пропускаємо
[БЕЗ ФОТО] crm.yavshoke.ua offer=2000_5281318 — пропускаємо
[БЕЗ ФОТО] crm.yavshoke.ua offer=2000_5281309 — пропускаємо
[БЕЗ ФОТО] crm.yavshoke.ua offer=2000_5281310 — пропускаємо
[БЕЗ ФОТО] crm.yavshoke.ua offer=2000_5281320 — пропускаємо
[БЕЗ ФОТО] crm.yavshoke.ua offer=2000_5281319 — пропускаємо
[БЕЗ ФОТО] crm.yavshoke.ua offer=2000_5278442 — пропускаємо
[ПІДОЗРІЛА ЦІНА] crm.yavshoke.ua offer=2000_4508298 price=7.0 UAH < 10.0 грн — пропускаємо
[ПІДОЗРІЛА ЦІНА] crm.yavshoke.ua offer=2000_1025910391 price=8.0 UAH < 10.0 грн — пропускаємо
[ПІДОЗРІЛА ЦІНА] api.dropshipping.ua offer=3000_30635 price=6.0 UAH < 10.0 грн — пропускаємо
[ПІДОЗРІЛА ЦІНА] api.dropshipping.ua offer=3000_206564 price=6.0 UAH < 10.0 грн — пропускаємо
[ПІДОЗРІЛА ЦІНА] api.dropshipping.ua offer=3000_32884 price=9.0 UAH < 10.0 грн — пропускаємо
[ПІДОЗРІЛА ЦІНА] api.dropshipping.ua offer=3000_29837 price=8.0 UAH < 10.0 грн — пропускаємо
[ПІДОЗРІЛА ЦІНА] api.dropshipping.ua offer=3000_435799 price=9.0 UAH < 10.0 грн — пропускаємо
[ПІДОЗРІЛА ЦІНА] api.dropshipping.ua offer=3000_678961 price=8.0 UAH < 10.0 грн — пропускаємо
[НЕМОЖЛИВО РОЗПАРСИТИ] api.dropshipping.ua offer=3000_990307 raw='0.00'